// Jest Snapshot v1, https://goo.gl/fbAQLP

exports[`updating updates fields 1`] = `
Object {
  "errorMessage": "",
  "experiences": Array [],
  "experiencesErrors": Array [],
  "skills": "C#",
  "skillsErrors": Array [],
  "status": 1,
  "summary": "summary",
  "summaryErrors": Array [],
}
`;
