// Jest Snapshot v1, https://goo.gl/fbAQLP

exports[`keeps the state intact 1`] = `
Object {
  "errorMessage": "",
  "experiences": Array [
    Object {
      "company": "",
      "content": "",
      "endDate": "",
      "id": 1,
      "position": "",
      "startDate": "2019-07-02",
    },
  ],
  "experiencesErrors": Array [],
  "sideProjectErrors": Array [],
  "sideProjects": Array [],
  "skills": "",
  "skillsErrors": Array [],
  "status": 1,
  "summary": "",
  "summaryErrors": Array [],
}
`;
